  HTTP 404: https://eth.blockscout.com/api/v2/blocks/14699718/transactions?index=249&block_number=14699718&items_count=50
  HTTP 404: https://eth.blockscout.com/api/v2/blocks/14699717
  skip block 14699717 (fetch failed)
  HTTP 404: https://eth.blockscout.com/api/v2/blocks/14699716
  skip block 14699716 (fetch failed)
  HTTP 404: https://eth.blockscout.com/api/v2/blocks/14699715
  skip block 14699715 (fetch failed)
  HTTP 404: https://eth.blockscout.com/api/v2/blocks/14699714
  skip block 14699714 (fetch failed)
  HTTP 404: https://eth.blockscout.com/api/v2/blocks/14699713/transactions
  HTTP 404: https://eth.blockscout.com/api/v2/blocks/14699712/transactions
  HTTP 404: https://eth.blockscout.com/api/v2/blocks/14699711
  skip block 14699711 (fetch failed)
Fetching 1000 blocks ending at #14700000 from Blockscout ...
  fetched 25 new blocks (25/1000 scanned, failures: 0)
  fetched 50 new blocks (50/1000 scanned, failures: 0)
  fetched 75 new blocks (75/1000 scanned, failures: 0)
  fetched 100 new blocks (100/1000 scanned, failures: 0)
  fetched 125 new blocks (125/1000 scanned, failures: 0)
  fetched 150 new blocks (150/1000 scanned, failures: 0)
  fetched 175 new blocks (175/1000 scanned, failures: 0)
  fetched 200 new blocks (200/1000 scanned, failures: 0)
  fetched 225 new blocks (225/1000 scanned, failures: 0)
  fetched 250 new blocks (250/1000 scanned, failures: 0)
  fetched 275 new blocks (275/1000 scanned, failures: 0)
  fetched 300 new blocks (305/1000 scanned, failures: 5)
  fetched 325 new blocks (330/1000 scanned, failures: 5)
  fetched 350 new blocks (355/1000 scanned, failures: 5)
  fetched 375 new blocks (380/1000 scanned, failures: 5)
  fetched 400 new blocks (405/1000 scanned, failures: 5)
  fetched 425 new blocks (430/1000 scanned, failures: 5)
  fetched 450 new blocks (455/1000 scanned, failures: 5)
  fetched 475 new blocks (480/1000 scanned, failures: 5)
  fetched 500 new blocks (505/1000 scanned, failures: 5)
  fetched 525 new blocks (530/1000 scanned, failures: 5)
  fetched 550 new blocks (555/1000 scanned, failures: 5)
  fetched 575 new blocks (580/1000 scanned, failures: 5)
  fetched 600 new blocks (605/1000 scanned, failures: 5)
  fetched 625 new blocks (630/1000 scanned, failures: 5)
  fetched 650 new blocks (655/1000 scanned, failures: 5)
  fetched 675 new blocks (680/1000 scanned, failures: 5)
  fetched 700 new blocks (705/1000 scanned, failures: 5)
  fetched 725 new blocks (730/1000 scanned, failures: 5)
  fetched 750 new blocks (755/1000 scanned, failures: 5)
  fetched 775 new blocks (780/1000 scanned, failures: 5)
  fetched 800 new blocks (805/1000 scanned, failures: 5)
  fetched 825 new blocks (830/1000 scanned, failures: 5)
  fetched 850 new blocks (855/1000 scanned, failures: 5)
  fetched 875 new blocks (880/1000 scanned, failures: 5)
  fetched 900 new blocks (905/1000 scanned, failures: 5)
  fetched 925 new blocks (930/1000 scanned, failures: 5)
  fetched 950 new blocks (955/1000 scanned, failures: 5)
  fetched 975 new blocks (980/1000 scanned, failures: 5)

Wrote 995 blocks / 186291 transactions to data/revert_receipts_highfee.json
  replayed 25 reverted txs ...
  replayed 50 reverted txs ...
  replayed 75 reverted txs ...
  replayed 100 reverted txs ...
  replayed 125 reverted txs ...
  replayed 150 reverted txs ...
  replayed 175 reverted txs ...
  replayed 200 reverted txs ...
  replayed 225 reverted txs ...
  replayed 250 reverted txs ...
  replayed 275 reverted txs ...
  replayed 300 reverted txs ...
  replayed 325 reverted txs ...
  replayed 350 reverted txs ...
  replayed 375 reverted txs ...
  replayed 400 reverted txs ...
  replayed 425 reverted txs ...
  replayed 450 reverted txs ...
  replayed 475 reverted txs ...
  replayed 500 reverted txs ...
  replayed 525 reverted txs ...
  replayed 550 reverted txs ...
  replayed 575 reverted txs ...
  replayed 600 reverted txs ...
  replayed 625 reverted txs ...
  replayed 650 reverted txs ...
  replayed 675 reverted txs ...
  replayed 700 reverted txs ...
  replayed 725 reverted txs ...
  replayed 750 reverted txs ...
  replayed 775 reverted txs ...
  replayed 800 reverted txs ...
  replayed 825 reverted txs ...
  replayed 850 reverted txs ...
  replayed 875 reverted txs ...
  replayed 900 reverted txs ...
  replayed 925 reverted txs ...
  replayed 950 reverted txs ...
  replayed 975 reverted txs ...
  replayed 1000 reverted txs ...
  replayed 1025 reverted txs ...

=== Revert cost analysis (phi = 0.2) ===
Blocks: 995   Txs: 186291
Reverted: 6773 (3.64%)   DEX reverted: 1031/11455 (9.00%)
Revert categories: {'other': 271, 'in_block_state_dependent': 368, 'not_replayed': 5742, 'slippage': 264, 'deadline': 90, 'no_reason_data': 38}

ALL reverts (n=6773):
  gas utilization at revert: median 0.26, p90 0.83
  cost today vs F_res (ETH, median): 0.006478 vs 0.004824 ($10.74 / $8.00 median)
  P2S/today overhead ratio: median 1.70x, p90 2.79x, p99 5.98x

DEX reverts (n=1031):
  gas utilization at revert: median 0.19, p90 0.89
  cost today vs F_res (ETH, median): 0.010053 vs 0.007106 ($16.67 / $11.79 median)
  P2S/today overhead ratio: median 1.58x, p90 4.03x, p99 7.25x

SLIPPAGE reverts (explicit) (n=264):
  gas utilization at revert: median 0.76, p90 0.85
  cost today vs F_res (ETH, median): 0.017715 vs 0.006098 ($29.38 / $10.11 median)
  P2S/today overhead ratio: median 1.26x, p90 4.14x, p99 5.79x

SLIPPAGE reverts (incl. in-block) (n=632):
  gas utilization at revert: median 0.65, p90 0.84
  cost today vs F_res (ETH, median): 0.014867 vs 0.006437 ($24.66 / $10.68 median)
  P2S/today overhead ratio: median 1.28x, p90 3.73x, p99 5.48x

Successful DEX swaps gas headroom (limit/used): median 1.43x, p90 2.84x (n=10424)

Wrote data/revert_cost_highfee.json
